verbose: 0
dirs:
- #ABSPATH#/foo/bar
- #ABSPATH#/foo/baz
